---
name: adm-exe
description: Use the ADID Update Manager (adm) executable for declarative updates, verify-all, rollback, and scaffold.
---

# ADID Update Manager (adm) executable

Use this skill when performing declarative file updates, verification, rollback, or scaffold workflows in a project that uses the ADID framework.

## Critical: Do not create XML descriptors from scratch

**Always use adm commands to get templates and fill them.** Do not hand-craft `updates/*.xml` or invent `<update_md5_*>`, `<content_md5_*>`, or mode syntax from memory.

1. **First:** Run `tools/adm --help` (or `tools/adm.exe --help` on Windows; or `uv run adm --help` when tools/adm not present) to see all commands.
2. **To add a new update:** Run `tools/adm --template all` (or `tools/adm --template all [output_dir]`). This creates a **timestamped scaffold** under `updates/` (e.g. `updates/20260202T040632_all_update_scaffold.xml`) with correct structure and placeholders. **Edit that file** to set `<file>`, `<mode>`, payload, etc.; `--apply` will auto-normalize md5/size tags (equivalent to `--fix-xml`) unless you use `--dry-run`.
3. **Never** write a new descriptor XML from scratch; you will get tags, MD5, or modes wrong. Use the scaffold, then edit.

ADID workflow and communication rules are in the newest versioned file `docs/ADID_Framework_<ver>.md`. Use `filename + SHA256` from release manifests for an unambiguous identifier.

---

## How to invoke

**Use `tools/adm` (or `tools/adm.exe` on Windows) when the project has it; otherwise `uv run adm`.**

- **Primary:** `tools/adm` (Unix) or `tools/adm.exe` (Windows) when the project has adm installed there (e.g. after running the ADID Installer GUI). That executable is stable; if you edit the tool with adm and there is an error, you cannot run adm anymore and the toolchain breaks-the copy in `tools/` avoids that.
- **Fallback:** `uv run adm` with the same subcommands when tools/adm is not present (e.g. in the adm repo before install).

**Rule:** Use `tools/adm` when present—same as AGENTS.md; avoids misunderstanding and toolchain break when editing the tool with adm.

---

## Commands and when to use them

Invoke as: `tools/adm <command>` (or `tools/adm.exe <command>` on Windows; or `uv run adm <command>` when tools/adm not present).

| Command | What it does | When to use |
|--------|----------------|-------------|
| `--help` | Print all commands and options. | **Always run first** if unsure. Do not guess CLI syntax. |
| `--template <NAME> [output_dir]` | Creates a **timestamped XML descriptor scaffold** in `updates/` (or given dir) with correct `<update_md5_*>`, `<content_md5_*>`, modes, and placeholders. Templates include `all`, `replace`, `overwrite`, `create`, `insert`, `delete`, `pattern-rule`, `binary-overwrite`, `binary-hex-replace`, `refactor-replace-function`. | **Whenever you need a new update descriptor.** Edit the generated file; do not create XML from scratch. |
| `--apply <updates.xml>` | Applies all update blocks in the descriptor (atomic writes, backups, ledger). Before applying (unless `--dry-run`), adm auto-normalizes the descriptor in place (equivalent to `--fix-xml`) so md5/size tags stay correct. When the descriptor path is under `updates/`, adm infers the project root as `updates/..` so relative `<file>` paths work even if you run adm from a different working directory. | After editing a scaffolded or existing descriptor; use on the path you edited (e.g. `updates/20260202T040632_all_update_scaffold.xml`). |
| `--replay-updates [dir] [--until TIMESTAMP] [--limit N] [--fractal] [--fractal-k K] [--fractal-max-tasks N]` | Applies all `*.xml` descriptors in `dir` (default `updates/`) in **chronological order** (replay history / causal structured memory). Prints `SemanticDominant=<...>` and an `SV:` anchor line per descriptor. With `--fractal`, prints central descriptors + kernel task medoids and writes `logs/replay_fractal_<timestamp>.json`. Use `--dry-run` to list only. | To reproduce state from descriptor history, test the chain, or replay a sequence of updates in order (and summarize the replay semantically). |
| `--compute-md5 <payload_file>` | Prints canonical MD5 and stripped size for a payload. | To fill `md5` and `size` in a descriptor: compute MD5 for the payload content, then put that hash in the `<update_md5_<hash>>` and `<content_md5_<hash>>` tags. |
| `--fix-xml <updates.xml|dir> [output.xml]` | Normalizes descriptors and recalculates md5/size tags; can write to a second file. If a directory is provided, fixes all `*.xml` in that directory. Idempotent: prints `Up-to-date` when no rewrite is required. | When descriptor tags are wrong or after manual edits; run before `--apply` if you changed payloads. |
| `--verify-all [root]` | Verifies integrity/syntax under the given root; writes reports to `logs/verify_report_*.{json,md}`. | After applies or to audit; use `src tests adid_tests` for a clean report (excludes `trials/`). |
| `--verify-all-fix-xml` | Same as `--verify-all` but also rewrites descriptor tags in place. | When verify reports MD5/tag issues in descriptors; fixes tags then re-verify. |
| `--rollback <file>` | Restores the file from the latest backup (per-file). | When a single file is corrupted or wrong; do **not** use git restore for one bad edit. |
| `--list-backups <file>` | Lists backups for the file (timestamp, size, MD5, semantics). | To see what rollback will restore or to inspect history. |
| `--list-diff <file> [N]` | Shows unified or hex diffs against up to N backups. | To compare current vs previous versions before rollback. |
| `--emit-boot-log [roots...]` | Runs pytest then verify-all; writes `boot_test.log` and verify reports. | One-shot "boot" check: tests + verification. |
| `--snapshot-context [snapshot.json]` | Captures repo context (git head, uv.lock, versions) to a JSON file. | Before major changes; then use `--preflight` to detect drift. |
| `--preflight [snapshot.json] [--strict]` | Compares current tree to snapshot; `--strict` fails on drift. | After changes to ensure nothing unintended changed. |
| `--clean [root]` | Removes manifests, rotated backups, demo bundles. | To tidy artifacts under the given root. |
| `--rg <pattern> <replacement> <file> [-- flags]` | ripgrep-based replacement with backup and ledger. | When you need regex replace but want backups/rollback; use via adm, not raw rg. |
| `--sed <script> <file> [-- flags]` | Runs GNU sed with backup and ledger. | When you need sed but want backups/rollback; use via adm, not raw sed. |
| `--log-insight <message>` | Appends a timestamped entry to `insights.md`. | Optional logging of a decision or finding. |
| `--check-tools` | Checks that rg, sed, semgrep, tree-sitter are available. | To diagnose missing tools. |
| `--sync-semgrepignore` | Mirrors `.gitignore` into `.semgrepignore`. | When .gitignore changed and you want Semgrep to match. |
| `--log-progress [path]` | Appends progress entries (default `_progress_log.md`). | To record that a command ran and its outcome. |
| `--dry-run` | Simulates actions without writing to disk. | With `--apply` or other mutating commands to preview. |

---

## Recommended workflow for a new update

Use `tools/adm` (or `tools/adm.exe` on Windows) when the project has it; otherwise `uv run adm`.

1. Run `tools/adm --help`.
2. Run `tools/adm --template all` → creates `updates/<timestamp>_all_update_scaffold.xml`.
3. Edit that file: set `<file>`, `<mode>`, payload in `<content_md5_*>`, etc. Use `tools/adm --compute-md5` on the payload content to get the correct hash and set tags.
4. Optional preflight: run `tools/adm --fix-xml updates/<that_file>.xml` to normalize tags ahead of time (otherwise `--apply` does it unless `--dry-run`).
5. Run `tools/adm --apply updates/<that_file>.xml` (use `--dry-run` first if you want a preview).
6. Run `tools/adm --verify-all src tests adid_tests` (or chosen roots) to confirm no regressions.

To **replay history** (re-apply descriptors in order): run `tools/adm --replay-updates` (or `tools/adm --replay-updates updates --until 20260202T120000 --limit 5`; use `--dry-run` to list only). This uses the causal chain of descriptors as structured memory.

### Fractal replay (optional)

Use this when you want a **semantic summary** of a replay chain (central descriptors + kernel task medoids):

- List only + generate a report (no writes to target project): `tools/adm --dry-run --replay-updates updates --fractal --fractal-k 6`
- Apply and summarize: `tools/adm --replay-updates updates --fractal`

Output includes:
- `SemanticDominant=<...>` + `SV: ... MD5=<md5_sv_tag> Prev_MD5s=<...>` per descriptor
- `[FRACTAL] k-medoids central descriptors ...`
- `[FRACTAL] kernel model=... central_tasks=[...]`
- `logs/replay_fractal_<timestamp>.json` (machine-readable summary)

All mutations create backups and ledger entries; use `--rollback <file>` to undo a single file. Do not use git restore for one bad edit-use rollback.

**From now on, use this toolset:** scaffold → edit the descriptor file → apply. **Use `tools/adm`** (or `tools/adm.exe` on Windows) when the project has it—same as AGENTS.md; stable executable, toolchain stays intact if you edit the tool with adm and hit an error. Multiple backups per file are intentional and beneficial (rollback, traceability); the project stays manageable while saving time and giving a clear, testable way to use the tool across different areas.
